// Jest Snapshot v1, https://goo.gl/fbAQLP

exports[`Board renders correctly 1`] = `
ShallowWrapper {
  "length": 1,
  Symbol(enzyme.__root__): [Circular],
  Symbol(enzyme.__unrendered__): <Board />,
  Symbol(enzyme.__renderer__): Object {
    "batchedUpdates": [Function],
    "getNode": [Function],
    "render": [Function],
    "simulateEvent": [Function],
    "unmount": [Function],
  },
  Symbol(enzyme.__node__): Object {
    "instance": null,
    "key": undefined,
    "nodeType": "host",
    "props": Object {
      "children": Array [
        <div
          className="board-mask"
/>,
        <div
          className="board-columns"
>
          <Column
                    cells={Array []}
                    clickHandler={[Function]}
          />
          <Column
                    cells={Array []}
                    clickHandler={[Function]}
          />
          <Column
                    cells={Array []}
                    clickHandler={[Function]}
          />
          <Column
                    cells={Array []}
                    clickHandler={[Function]}
          />
          <Column
                    cells={Array []}
                    clickHandler={[Function]}
          />
          <Column
                    cells={Array []}
                    clickHandler={[Function]}
          />
          <Column
                    cells={Array []}
                    clickHandler={[Function]}
          />
</div>,
        <div
          className="board-player"
>
          Next Player:
          <Cell
                    occupiedBy="YELLOW_PLAYER"
          />
</div>,
        false,
        false,
      ],
    },
    "ref": null,
    "rendered": Array [
      Object {
        "instance": null,
        "key": undefined,
        "nodeType": "host",
        "props": Object {
          "className": "board-mask",
        },
        "ref": null,
        "rendered": null,
        "type": "div",
      },
      Object {
        "instance": null,
        "key": undefined,
        "nodeType": "host",
        "props": Object {
          "children": Array [
            <Column
              cells={Array []}
              clickHandler={[Function]}
/>,
            <Column
              cells={Array []}
              clickHandler={[Function]}
/>,
            <Column
              cells={Array []}
              clickHandler={[Function]}
/>,
            <Column
              cells={Array []}
              clickHandler={[Function]}
/>,
            <Column
              cells={Array []}
              clickHandler={[Function]}
/>,
            <Column
              cells={Array []}
              clickHandler={[Function]}
/>,
            <Column
              cells={Array []}
              clickHandler={[Function]}
/>,
          ],
          "className": "board-columns",
        },
        "ref": null,
        "rendered": Array [
          Object {
            "instance": null,
            "key": "0",
            "nodeType": "function",
            "props": Object {
              "cells": Array [],
              "clickHandler": [Function],
            },
            "ref": null,
            "rendered": null,
            "type": [Function],
          },
          Object {
            "instance": null,
            "key": "1",
            "nodeType": "function",
            "props": Object {
              "cells": Array [],
              "clickHandler": [Function],
            },
            "ref": null,
            "rendered": null,
            "type": [Function],
          },
          Object {
            "instance": null,
            "key": "2",
            "nodeType": "function",
            "props": Object {
              "cells": Array [],
              "clickHandler": [Function],
            },
            "ref": null,
            "rendered": null,
            "type": [Function],
          },
          Object {
            "instance": null,
            "key": "3",
            "nodeType": "function",
            "props": Object {
              "cells": Array [],
              "clickHandler": [Function],
            },
            "ref": null,
            "rendered": null,
            "type": [Function],
          },
          Object {
            "instance": null,
            "key": "4",
            "nodeType": "function",
            "props": Object {
              "cells": Array [],
              "clickHandler": [Function],
            },
            "ref": null,
            "rendered": null,
            "type": [Function],
          },
          Object {
            "instance": null,
            "key": "5",
            "nodeType": "function",
            "props": Object {
              "cells": Array [],
              "clickHandler": [Function],
            },
            "ref": null,
            "rendered": null,
            "type": [Function],
          },
          Object {
            "instance": null,
            "key": "6",
            "nodeType": "function",
            "props": Object {
              "cells": Array [],
              "clickHandler": [Function],
            },
            "ref": null,
            "rendered": null,
            "type": [Function],
          },
        ],
        "type": "div",
      },
      Object {
        "instance": null,
        "key": undefined,
        "nodeType": "host",
        "props": Object {
          "children": Array [
            "Next Player:",
            <Cell
              occupiedBy="YELLOW_PLAYER"
/>,
          ],
          "className": "board-player",
        },
        "ref": null,
        "rendered": Array [
          "Next Player:",
          Object {
            "instance": null,
            "key": undefined,
            "nodeType": "function",
            "props": Object {
              "occupiedBy": "YELLOW_PLAYER",
            },
            "ref": null,
            "rendered": null,
            "type": [Function],
          },
        ],
        "type": "div",
      },
      false,
      false,
    ],
    "type": "section",
  },
  Symbol(enzyme.__nodes__): Array [
    Object {
      "instance": null,
      "key": undefined,
      "nodeType": "host",
      "props": Object {
        "children": Array [
          <div
            className="board-mask"
/>,
          <div
            className="board-columns"
>
            <Column
                        cells={Array []}
                        clickHandler={[Function]}
            />
            <Column
                        cells={Array []}
                        clickHandler={[Function]}
            />
            <Column
                        cells={Array []}
                        clickHandler={[Function]}
            />
            <Column
                        cells={Array []}
                        clickHandler={[Function]}
            />
            <Column
                        cells={Array []}
                        clickHandler={[Function]}
            />
            <Column
                        cells={Array []}
                        clickHandler={[Function]}
            />
            <Column
                        cells={Array []}
                        clickHandler={[Function]}
            />
</div>,
          <div
            className="board-player"
>
            Next Player:
            <Cell
                        occupiedBy="YELLOW_PLAYER"
            />
</div>,
          false,
          false,
        ],
      },
      "ref": null,
      "rendered": Array [
        Object {
          "instance": null,
          "key": undefined,
          "nodeType": "host",
          "props": Object {
            "className": "board-mask",
          },
          "ref": null,
          "rendered": null,
          "type": "div",
        },
        Object {
          "instance": null,
          "key": undefined,
          "nodeType": "host",
          "props": Object {
            "children": Array [
              <Column
                cells={Array []}
                clickHandler={[Function]}
/>,
              <Column
                cells={Array []}
                clickHandler={[Function]}
/>,
              <Column
                cells={Array []}
                clickHandler={[Function]}
/>,
              <Column
                cells={Array []}
                clickHandler={[Function]}
/>,
              <Column
                cells={Array []}
                clickHandler={[Function]}
/>,
              <Column
                cells={Array []}
                clickHandler={[Function]}
/>,
              <Column
                cells={Array []}
                clickHandler={[Function]}
/>,
            ],
            "className": "board-columns",
          },
          "ref": null,
          "rendered": Array [
            Object {
              "instance": null,
              "key": "0",
              "nodeType": "function",
              "props": Object {
                "cells": Array [],
                "clickHandler": [Function],
              },
              "ref": null,
              "rendered": null,
              "type": [Function],
            },
            Object {
              "instance": null,
              "key": "1",
              "nodeType": "function",
              "props": Object {
                "cells": Array [],
                "clickHandler": [Function],
              },
              "ref": null,
              "rendered": null,
              "type": [Function],
            },
            Object {
              "instance": null,
              "key": "2",
              "nodeType": "function",
              "props": Object {
                "cells": Array [],
                "clickHandler": [Function],
              },
              "ref": null,
              "rendered": null,
              "type": [Function],
            },
            Object {
              "instance": null,
              "key": "3",
              "nodeType": "function",
              "props": Object {
                "cells": Array [],
                "clickHandler": [Function],
              },
              "ref": null,
              "rendered": null,
              "type": [Function],
            },
            Object {
              "instance": null,
              "key": "4",
              "nodeType": "function",
              "props": Object {
                "cells": Array [],
                "clickHandler": [Function],
              },
              "ref": null,
              "rendered": null,
              "type": [Function],
            },
            Object {
              "instance": null,
              "key": "5",
              "nodeType": "function",
              "props": Object {
                "cells": Array [],
                "clickHandler": [Function],
              },
              "ref": null,
              "rendered": null,
              "type": [Function],
            },
            Object {
              "instance": null,
              "key": "6",
              "nodeType": "function",
              "props": Object {
                "cells": Array [],
                "clickHandler": [Function],
              },
              "ref": null,
              "rendered": null,
              "type": [Function],
            },
          ],
          "type": "div",
        },
        Object {
          "instance": null,
          "key": undefined,
          "nodeType": "host",
          "props": Object {
            "children": Array [
              "Next Player:",
              <Cell
                occupiedBy="YELLOW_PLAYER"
/>,
            ],
            "className": "board-player",
          },
          "ref": null,
          "rendered": Array [
            "Next Player:",
            Object {
              "instance": null,
              "key": undefined,
              "nodeType": "function",
              "props": Object {
                "occupiedBy": "YELLOW_PLAYER",
              },
              "ref": null,
              "rendered": null,
              "type": [Function],
            },
          ],
          "type": "div",
        },
        false,
        false,
      ],
      "type": "section",
    },
  ],
  Symbol(enzyme.__options__): Object {
    "adapter": ReactSixteenAdapter {
      "options": Object {
        "enableComponentDidUpdateOnSetState": true,
      },
    },
  },
}
`;
